[themes.pixelwars.org/empathy-html/demo/index.html]
[backblue.gif]
[fade.gif]
[index.html]
[themes.pixelwars.org/empathy-html/demo/images/ico/favicon.ico]
[themes.pixelwars.org/empathy-html/demo/images/ico/apple-touch-icon.png]
[themes.pixelwars.org/empathy-html/demo/js/jquery-1.12.1.min.js]
[themes.pixelwars.org/empathy-html/demo/js/jquery-migrate-1.2.1.min.js]
[themes.pixelwars.org/empathy-html/demo/js/modernizr.min.js]
[themes.pixelwars.org/empathy-html/demo/images/site/avatar.jpg]
[themes.pixelwars.org/empathy-html/demo/images/site/home.jpg]
[themes.pixelwars.org/empathy-html/demo/images/site/icon-01.png]
[themes.pixelwars.org/empathy-html/demo/images/site/icon-02.png]
[themes.pixelwars.org/empathy-html/demo/images/site/icon-03.png]
[themes.pixelwars.org/empathy-html/demo/images/site/icon-04.png]
[themes.pixelwars.org/empathy-html/demo/images/clients/client-01.png]
[themes.pixelwars.org/empathy-html/demo/images/clients/client-02.png]
[themes.pixelwars.org/empathy-html/demo/images/clients/client-03.png]
[themes.pixelwars.org/empathy-html/demo/images/clients/client-04.png]
[themes.pixelwars.org/empathy-html/demo/images/clients/client-05.png]
[themes.pixelwars.org/empathy-html/demo/images/clients/client-06.png]
[themes.pixelwars.org/empathy-html/demo/404.html]
[themes.pixelwars.org/empathy-html/demo/blog.html]
[themes.pixelwars.org/empathy-html/demo/blog-single.html]
[themes.pixelwars.org/empathy-html/demo/form-elements.html]
[themes.pixelwars.org/empathy-html/demo/grid.html]
[themes.pixelwars.org/empathy-html/demo/shortcodes.html]
[themes.pixelwars.org/empathy-html/demo/typography.html]
[themes.pixelwars.org/empathy-html/demo/images/site/testo-01.jpg]
[themes.pixelwars.org/empathy-html/demo/images/site/testo-02.jpg]
[themes.pixelwars.org/empathy-html/demo/images/site/testo-03.jpg]
[themes.pixelwars.org/empathy-html/demo/images/portfolio/01.jpg]
[themes.pixelwars.org/empathy-html/demo/portfolio-item-01.html]
[themes.pixelwars.org/empathy-html/demo/images/portfolio/02.jpg]
[themes.pixelwars.org/empathy-html/demo/portfolio-item-02.html]
[themes.pixelwars.org/empathy-html/demo/images/portfolio/03.jpg]
[themes.pixelwars.org/empathy-html/demo/images/portfolio/04.jpg]
[themes.pixelwars.org/empathy-html/demo/images/portfolio/lightbox-01.jpg]
[themes.pixelwars.org/empathy-html/demo/images/portfolio/05.jpg]
[themes.pixelwars.org/empathy-html/demo/images/portfolio/06.jpg]
[themes.pixelwars.org/empathy-html/demo/images/portfolio/lightbox-02.jpg]
[themes.pixelwars.org/empathy-html/demo/images/portfolio/lightbox-03.jpg]
[themes.pixelwars.org/empathy-html/demo/images/portfolio/lightbox-04.jpg]
[themes.pixelwars.org/empathy-html/demo/images/portfolio/07.jpg]
[themes.pixelwars.org/empathy-html/demo/images/portfolio/08.jpg]
[themes.pixelwars.org/empathy-html/demo/portfolio-item-03.html]
[themes.pixelwars.org/empathy-html/demo/images/portfolio/09.jpg]
[themes.pixelwars.org/empathy-html/demo/images/blog/01.jpg]
[themes.pixelwars.org/empathy-html/demo/images/blog/02.jpg]
[themes.pixelwars.org/empathy-html/demo/images/blog/03.jpg]
[themes.pixelwars.org/empathy-html/demo/images/blog/04.jpg]
[themes.pixelwars.org/empathy-html/demo/images/blog/05.jpg]
[themes.pixelwars.org/empathy-html/demo/images/blog/06.jpg]
[themes.pixelwars.org/empathy-html/demo/images/blog/07.jpg]
[themes.pixelwars.org/empathy-html/demo/images/blog/08.jpg]
[themes.pixelwars.org/empathy-html/demo/images/blog/09.jpg]
[themes.pixelwars.org/empathy-html/demo/js/jquery.address-1.5.min.js]
[themes.pixelwars.org/empathy-html/demo/js/nprogress/nprogress.js]
[themes.pixelwars.org/empathy-html/demo/js/fastclick.js]
[themes.pixelwars.org/empathy-html/demo/js/typist.js]
[themes.pixelwars.org/empathy-html/demo/js/imagesloaded.pkgd.min.js]
[themes.pixelwars.org/empathy-html/demo/js/jquery.isotope.min.js]
[themes.pixelwars.org/empathy-html/demo/js/jquery.fitvids.js]
[themes.pixelwars.org/empathy-html/demo/js/jquery.validate.min.js]
[themes.pixelwars.org/empathy-html/demo/js/jquery.uniform/jquery.uniform.min.js]
[themes.pixelwars.org/empathy-html/demo/js/jquery.magnific-popup/jquery.magnific-popup.min.js]
[themes.pixelwars.org/empathy-html/demo/js/socialstream.jquery.js]
[themes.pixelwars.org/empathy-html/demo/js/jarallax.min.js]
[themes.pixelwars.org/empathy-html/demo/js/jarallax-video.min.js]
[themes.pixelwars.org/empathy-html/demo/js/main.js]
[themes.pixelwars.org/empathy-html/demo/index.html]
[themes.pixelwars.org/empathy-html/demo/css/bootstrap.min.css]
[themes.pixelwars.org/empathy-html/demo/css/fonts/pe-icon-7-stroke/fonts/Pe-icon-7-strokebb1d.eot]
[themes.pixelwars.org/empathy-html/demo/css/fonts/pe-icon-7-stroke/fonts/Pe-icon-7-stroked41d.eot]
[themes.pixelwars.org/empathy-html/demo/css/fonts/pe-icon-7-stroke/fonts/Pe-icon-7-strokebb1d.woff]
[themes.pixelwars.org/empathy-html/demo/css/fonts/pe-icon-7-stroke/fonts/Pe-icon-7-strokebb1d.ttf]
[themes.pixelwars.org/empathy-html/demo/css/fonts/pe-icon-7-stroke/css/pe-icon-7-stroke.css]
[themes.pixelwars.org/empathy-html/demo/css/fonts/fontello/font/fontellofa26.eot]
[themes.pixelwars.org/empathy-html/demo/css/fonts/fontello/font/fontellofa26.woff2]
[themes.pixelwars.org/empathy-html/demo/css/fonts/fontello/font/fontellofa26.woff]
[themes.pixelwars.org/empathy-html/demo/css/fonts/fontello/font/fontellofa26.ttf]
[themes.pixelwars.org/empathy-html/demo/css/fonts/fontello/css/fontello.css]
[themes.pixelwars.org/empathy-html/demo/js/nprogress/nprogress.css]
[themes.pixelwars.org/empathy-html/demo/js/jquery.magnific-popup/magnific-popup.css]
[themes.pixelwars.org/empathy-html/demo/js/jquery.uniform/uniform.default.css]
[themes.pixelwars.org/empathy-html/demo/css/animations.css]
[themes.pixelwars.org/empathy-html/demo/css/align.css]
[themes.pixelwars.org/empathy-html/demo/css/main.css]
[themes.pixelwars.org/empathy-html/demo/css/768.css]
[themes.pixelwars.org/empathy-html/demo/images/bckg/loading-light.gif]
[themes.pixelwars.org/empathy-html/demo/index-2.html]
[themes.pixelwars.org/empathy-html/demo/404.html]
[themes.pixelwars.org/empathy-html/demo/images/blog/slide-01-big.jpg]
[themes.pixelwars.org/empathy-html/demo/images/blog/slide-01.jpg]
[themes.pixelwars.org/empathy-html/demo/images/blog/slide-02-big.jpg]
[themes.pixelwars.org/empathy-html/demo/images/blog/slide-02.jpg]
[themes.pixelwars.org/empathy-html/demo/images/blog/slide-03-big.jpg]
[themes.pixelwars.org/empathy-html/demo/images/blog/slide-03.jpg]
[themes.pixelwars.org/empathy-html/demo/blog.html]
[themes.pixelwars.org/empathy-html/demo/images/site/author-1.jpg]
[themes.pixelwars.org/empathy-html/demo/blog-single.html]
[themes.pixelwars.org/empathy-html/demo/form-elements.html]
[themes.pixelwars.org/empathy-html/demo/grid.html]
[themes.pixelwars.org/empathy-html/demo/shortcodes.html]
[themes.pixelwars.org/empathy-html/demo/typography.html]
[themes.pixelwars.org/empathy-html/demo/images/portfolio/single/03.jpg]
[themes.pixelwars.org/empathy-html/demo/images/portfolio/single/04.jpg]
[themes.pixelwars.org/empathy-html/demo/portfolio-item-01.html]
[themes.pixelwars.org/empathy-html/demo/images/portfolio/single/01.jpg]
[themes.pixelwars.org/empathy-html/demo/images/portfolio/single/02.jpg]
[themes.pixelwars.org/empathy-html/demo/portfolio-item-02.html]
[themes.pixelwars.org/empathy-html/demo/portfolio-item-03.html]
[themes.pixelwars.org/empathy-html/demo/css/fonts/pe-icon-7-stroke/fonts/Pe-icon-7-strokebb1d.svg]
[themes.pixelwars.org/empathy-html/demo/css/fonts/fontello/font/fontellofa26.svg]
[themes.pixelwars.org/empathy-html/demo/js/jquery.magnific-popup/default-skin.svg]
[themes.pixelwars.org/empathy-html/demo/index-2.html]
[themes.pixelwars.org/empathy-html/demo/blog-single-with-sidebar.html]
[themes.pixelwars.org/empathy-html/demo/blog-single-audio-embed.html]
[themes.pixelwars.org/empathy-html/demo/images/site/icon-06.html]
